// Jest Snapshot v1, https://goo.gl/fbAQLP

exports[`Calculator page test 1`] = `[Function]`;
