// Jest Snapshot v1, https://goo.gl/fbAQLP

exports[`Home page test 1`] = `[Function]`;
